// Jest Snapshot v1, https://goo.gl/fbAQLP

exports[`<Card /> default 1`] = `
<div
  className="card"
>
  <div
    className="card__progress"
  >
    <ProgressRing
      isActive={true}
      value={0}
    />
  </div>
  <p
    className="card__actions"
  >
    <button
      className="card__action"
      onClick={[Function]}
      type="button"
    >
      Stop
    </button>
  </p>
</div>
`;
